2025-08-05 21:37:11.427 [info] [main] Log level: Info
2025-08-05 21:37:11.427 [info] [main] Validating found git in: "git"
2025-08-05 21:37:11.427 [info] [main] Using git "2.50.1" from "git"
2025-08-05 21:37:11.427 [info] [Model][doInitialScan] Initial repository scan started
2025-08-05 21:37:11.427 [info] > git rev-parse --show-toplevel [7ms]
2025-08-05 21:37:11.427 [info] fatal: not a git repository (or any of the parent directories): .git
2025-08-05 21:37:11.427 [info] > git rev-parse --show-toplevel [1ms]
2025-08-05 21:37:11.427 [info] fatal: not a git repository (or any of the parent directories): .git
2025-08-05 21:37:11.427 [info] [Model][doInitialScan] Initial repository scan completed - repositories (0), closed repositories (0), parent repositories (0), unsafe repositories (0)
2025-08-05 21:37:16.061 [info] > git rev-parse --show-toplevel [2ms]
2025-08-05 21:37:16.061 [info] fatal: not a git repository (or any of the parent directories): .git
2025-08-05 21:57:29.335 [info] > git rev-parse --show-toplevel [1ms]
2025-08-05 21:57:29.335 [info] fatal: not a git repository (or any of the parent directories): .git
2025-08-05 21:58:59.556 [info] > git rev-parse --show-toplevel [1ms]
2025-08-05 21:58:59.556 [info] fatal: not a git repository (or any of the parent directories): .git
2025-08-05 22:03:01.951 [info] > git rev-parse --show-toplevel [1ms]
2025-08-05 22:03:01.951 [info] fatal: not a git repository (or any of the parent directories): .git
2025-08-05 22:03:08.075 [info] > git rev-parse --show-toplevel [1ms]
2025-08-05 22:03:08.076 [info] fatal: not a git repository (or any of the parent directories): .git
2025-08-05 22:03:14.082 [info] > git rev-parse --show-toplevel [1ms]
2025-08-05 22:03:14.082 [info] fatal: not a git repository (or any of the parent directories): .git
2025-08-05 22:03:30.860 [info] > git rev-parse --show-toplevel [1ms]
2025-08-05 22:03:30.860 [info] fatal: not a git repository (or any of the parent directories): .git
2025-08-05 22:03:35.798 [info] > git rev-parse --show-toplevel [1ms]
2025-08-05 22:03:35.798 [info] fatal: not a git repository (or any of the parent directories): .git
2025-08-05 22:03:38.391 [info] > git rev-parse --show-toplevel [1ms]
2025-08-05 22:03:38.391 [info] fatal: not a git repository (or any of the parent directories): .git
2025-08-05 22:03:44.529 [info] > git rev-parse --show-toplevel [1ms]
2025-08-05 22:03:44.529 [info] fatal: not a git repository (or any of the parent directories): .git
2025-08-05 22:03:51.391 [info] > git rev-parse --show-toplevel [1ms]
2025-08-05 22:03:51.391 [info] fatal: not a git repository (or any of the parent directories): .git
2025-08-05 22:04:33.699 [info] > git rev-parse --show-toplevel [2ms]
2025-08-05 22:04:33.700 [info] fatal: not a git repository (or any of the parent directories): .git
