2025-08-09 00:25:02.448 [info] [main] Log level: Info
2025-08-09 00:25:02.448 [info] [main] Validating found git in: "git"
2025-08-09 00:25:02.448 [info] [main] Using git "2.50.1" from "git"
2025-08-09 00:25:02.448 [info] [Model][doInitialScan] Initial repository scan started
2025-08-09 00:25:02.448 [info] > git rev-parse --show-toplevel [8ms]
2025-08-09 00:25:02.448 [info] fatal: not a git repository (or any of the parent directories): .git
2025-08-09 00:25:02.448 [info] > git rev-parse --show-toplevel [1ms]
2025-08-09 00:25:02.448 [info] fatal: not a git repository (or any of the parent directories): .git
2025-08-09 00:25:02.448 [info] > git rev-parse --show-toplevel [3ms]
2025-08-09 00:25:02.448 [info] fatal: not a git repository (or any of the parent directories): .git
2025-08-09 00:25:02.448 [info] [Model][doInitialScan] Initial repository scan completed - repositories (0), closed repositories (0), parent repositories (0), unsafe repositories (0)
2025-08-09 00:25:02.448 [info] > git rev-parse --show-toplevel [1ms]
2025-08-09 00:25:02.448 [info] fatal: not a git repository (or any of the parent directories): .git
2025-08-09 00:25:02.448 [info] > git rev-parse --show-toplevel [6ms]
2025-08-09 00:25:02.448 [info] fatal: not a git repository (or any of the parent directories): .git
2025-08-09 00:25:02.539 [info] > git rev-parse --show-toplevel [0ms]
2025-08-09 00:25:02.540 [info] fatal: not a git repository (or any of the parent directories): .git
2025-08-09 00:25:02.589 [info] > git rev-parse --show-toplevel [2ms]
2025-08-09 00:25:02.589 [info] fatal: not a git repository (or any of the parent directories): .git
2025-08-09 00:25:03.865 [info] > git rev-parse --show-toplevel [1ms]
2025-08-09 00:25:03.865 [info] fatal: not a git repository (or any of the parent directories): .git
2025-08-09 00:25:15.877 [info] > git rev-parse --show-toplevel [1ms]
2025-08-09 00:25:15.877 [info] fatal: not a git repository (or any of the parent directories): .git
